[v0.windows93.net/index.html]
[backblue.gif]
[fade.gif]
[index.html]
[v0.windows93.net/styles/defaultxp.css]
[v0.windows93.net/scripts/clock.js]
[v0.windows93.net/scripts/startmenu.js]
[v0.windows93.net/scripts/xp-demo-common.js]
[v0.windows93.net/scripts/dom-drag.js]
[ajax.googleapis.com/ajax/libs/jquery/1.9.0/jquery.min.js]
[v0.windows93.net/images/trash.jpg]
[v0.windows93.net/images/default_icon.jpg]
[v0.windows93.net/index.html]
[v0.windows93.net/styles/global.css]
[v0.windows93.net/images/classic/taskbar.png]
[v0.windows93.net/images/classic/start_button.png]
[v0.windows93.net/images/classic/clock.png]
[v0.windows93.net/images/classic/start_menu.png]
[v0.windows93.net/images/classic/logoff.png]
[v0.windows93.net/images/classic/shutdown.png]
[v0.windows93.net/images/classic/system_tray_arrow.png]
[v0.windows93.net/images/classic/system_tray_gmail.png]
[v0.windows93.net/images/classic/system_tray_lan.png]
[v0.windows93.net/images/classic/system_tray_winamp.png]
[v0.windows93.net/images/classic/system_tray_msn.png]
[v0.windows93.net/images/classic/taskbar_resize.png]
[v0.windows93.net/images/classic/quick_launch_destkop.png]
[v0.windows93.net/images/classic/quick_launch_firefox.png]
[v0.windows93.net/images/classic/quick_launch_winamp.png]
[v0.windows93.net/images/classic/quick_launch_facebook.png]
[v0.windows93.net/images/classic/quick_launch_flashfxp.png]
[v0.windows93.net/images/classic/quick_launch_soundcloud.png]
[v0.windows93.net/images/classic/quick_launch_contact.png]
[v0.windows93.net/images/classic/open_button.png]
[v0.windows93.net/images/classic/divider.png]
[v0.windows93.net/images/classic/window_bar.png]
[v0.windows93.net/images/classic/window_buttons.png]
[v0.windows93.net/images/classic/window_corners.png]
[v0.windows93.net/images/large_middle.png]
[v0.windows93.net/images/master_sprite.png]
[v0.windows93.net/styles/defaultxp.css]
[code.jquery.com/ui/1.11.0/jquery-ui.js]
[v0.windows93.net/images/my_computer.png]
[v0.windows93.net/images/my_documents.png]
[v0.windows93.net/images/recycle_bin.png]
[v0.windows93.net/images/my_network_places.png]
[v0.windows93.net/images/openmirc.png]
[v0.windows93.net/images/openfirefox.png]
[v0.windows93.net/images/openwinamp.png]
[v0.windows93.net/images/startmenu/firefox.png]
[v0.windows93.net/images/startmenu/thunderbird.png]
[v0.windows93.net/images/startmenu/windows_media_player.png]
[v0.windows93.net/images/startmenu/myrecent.png]
[v0.windows93.net/images/startmenu/mymusic.png]
[v0.windows93.net/images/startmenu/mycomp.png]
[v0.windows93.net/images/startmenu/mynetwork.png]
[v0.windows93.net/images/startmenu/controlpanel.png]
[v0.windows93.net/images/startmenu/printers.png]
[v0.windows93.net/images/startmenu/helpsupport.png]
[v0.windows93.net/images/startmenu/search.png]
[v0.windows93.net/images/startmenu/run.png]
[v0.windows93.net/images/startmenu/textdoc.png]
[v0.windows93.net/images/startmenu/mywebsite.png]
[v0.windows93.net/images/recent_arrows.png]
[v0.windows93.net/images/programs.png]
[v0.windows93.net/images/windows_update.png]
[v0.windows93.net/images/other/run_dialog.png]
[v0.windows93.net/images/other/monitor.png]
[v0.windows93.net/images/other/energy.png]
[v0.windows93.net/styles/global.css]
[pierrepapierciseaux.net/WIN93/3_OLD/desktop/images/classic/recent_arrows.html]
[pierrepapierciseaux.net/WIN93/3_OLD/desktop/images/classic/window_menubar.html]
[pierrepapierciseaux.net/WIN93/3_OLD/desktop/images/startmenu/notepad.html]
[pierrepapierciseaux.net/WIN93/3_OLD/desktop/images/startmenu/mydocs.html]
[pierrepapierciseaux.net/WIN93/3_OLD/desktop/images/startmenu/mypics.html]
[pierrepapierciseaux.net/WIN93/3_OLD/desktop/images/startmenu/image.html]
